[    0.000000] Initializing cgroup subsys cpuset
[    0.000000] Initializing cgroup subsys cpu
[    0.000000] Initializing cgroup subsys cpuacct
[    0.000000] Linux version 4.4.0-186-generic (buildd@lcy01-amd64-002) (gcc version 5.4.0 20160609 (Ubuntu 5.4.0-6ubuntu1~16.04.12) ) #216-Ubuntu SMP Wed Jul 1 05:34:05 UTC 2020 (Ubuntu 4.4.0-186.216-generic 4.4.228)
[    0.000000] Command line: BOOT_IMAGE=/boot/vmlinuz-4.4.0-186-generic root=LABEL=cloudimg-rootfs ro console=tty1 console=ttyS0
[    0.000000] KERNEL supported cpus:
[    0.000000]   Intel GenuineIntel
[    0.000000]   AMD AuthenticAMD
[    0.000000]   Centaur CentaurHauls
[    0.000000] x86/fpu: xstate_offset[2]:  576, xstate_sizes[2]:  256
[    0.000000] x86/fpu: Supporting XSAVE feature 0x01: 'x87 floating point registers'
[    0.000000] x86/fpu: Supporting XSAVE feature 0x02: 'SSE registers'
[    0.000000] x86/fpu: Supporting XSAVE feature 0x04: 'AVX registers'
[    0.000000] x86/fpu: Enabled xstate features 0x7, context size is 832 bytes, using 'standard' format.
[    0.000000] e820: BIOS-provided physical RAM map:
[    0.000000] BIOS-e820: [mem 0x0000000000000000-0x000000000009fbff] usable
[    0.000000] BIOS-e820: [mem 0x000000000009fc00-0x000000000009ffff] reserved
[    0.000000] BIOS-e820: [mem 0x00000000000f0000-0x00000000000fffff] reserved
[    0.000000] BIOS-e820: [mem 0x0000000000100000-0x000000003ffeffff] usable
[    0.000000] BIOS-e820: [mem 0x000000003fff0000-0x000000003fffffff] ACPI data
[    0.000000] BIOS-e820: [mem 0x00000000fec00000-0x00000000fec00fff] reserved
[    0.000000] BIOS-e820: [mem 0x00000000fee00000-0x00000000fee00fff] reserved
[    0.000000] BIOS-e820: [mem 0x00000000fffc0000-0x00000000ffffffff] reserved
[    0.000000] NX (Execute Disable) protection: active
[    0.000000] SMBIOS 2.5 present.
[    0.000000] Hypervisor detected: KVM
[    0.000000] e820: last_pfn = 0x3fff0 max_arch_pfn = 0x400000000
[    0.000000] MTRR: Disabled
[    0.000000] x86/PAT: MTRRs disabled, skipping PAT initialization too.
[    0.000000] CPU MTRRs all blank - virtualized system.
[    0.000000] x86/PAT: Configuration [0-7]: WB  WT  UC- UC  WB  WT  UC- UC  
[    0.000000] found SMP MP-table at [mem 0x0009fff0-0x0009ffff] mapped at [ffff88000009fff0]
[    0.000000] Scanning 1 areas for low memory corruption
[    0.000000] RAMDISK: [mem 0x362de000-0x37166fff]
[    0.000000] ACPI: Early table checksum verification disabled
[    0.000000] ACPI: RSDP 0x00000000000E0000 000024 (v02 VBOX  )
[    0.000000] ACPI: XSDT 0x000000003FFF0030 00003C (v01 VBOX   VBOXXSDT 00000001 ASL  00000061)
[    0.000000] ACPI: FACP 0x000000003FFF00F0 0000F4 (v04 VBOX   VBOXFACP 00000001 ASL  00000061)
[    0.000000] ACPI: DSDT 0x000000003FFF0470 002325 (v02 VBOX   VBOXBIOS 00000002 INTL 20100528)
[    0.000000] ACPI: FACS 0x000000003FFF0200 000040
[    0.000000] ACPI: FACS 0x000000003FFF0200 000040
[    0.000000] ACPI: APIC 0x000000003FFF0240 00005C (v02 VBOX   VBOXAPIC 00000001 ASL  00000061)
[    0.000000] ACPI: SSDT 0x000000003FFF02A0 0001CC (v01 VBOX   VBOXCPUT 00000002 INTL 20100528)
[    0.000000] No NUMA configuration found
[    0.000000] Faking a node at [mem 0x0000000000000000-0x000000003ffeffff]
[    0.000000] NODE_DATA(0) allocated [mem 0x3ffeb000-0x3ffeffff]
[    0.000000] kvm-clock: Using msrs 4b564d01 and 4b564d00
[    0.000000] kvm-clock: cpu 0, msr 0:3ffe3001, primary cpu clock
[    0.000000] kvm-clock: using sched offset of 3605210244 cycles
[    0.000000] clocksource: kvm-clock: mask: 0xffffffffffffffff max_cycles: 0x1cd42e4dffb, max_idle_ns: 881590591483 ns
[    0.000000] Zone ranges:
[    0.000000]   DMA      [mem 0x0000000000001000-0x0000000000ffffff]
[    0.000000]   DMA32    [mem 0x0000000001000000-0x000000003ffeffff]
[    0.000000]   Normal   empty
[    0.000000]   Device   empty
[    0.000000] Movable zone start for each node
[    0.000000] Early memory node ranges
[    0.000000]   node   0: [mem 0x0000000000001000-0x000000000009efff]
[    0.000000]   node   0: [mem 0x0000000000100000-0x000000003ffeffff]
[    0.000000] Initmem setup node 0 [mem 0x0000000000001000-0x000000003ffeffff]
[    0.000000] ACPI: PM-Timer IO Port: 0x4008
[    0.000000] IOAPIC[0]: apic_id 2, version 32, address 0xfec00000, GSI 0-23
[    0.000000] ACPI: INT_SRC_OVR (bus 0 bus_irq 0 global_irq 2 dfl dfl)
[    0.000000] ACPI: INT_SRC_OVR (bus 0 bus_irq 9 global_irq 9 low level)
[    0.000000] Using ACPI (MADT) for SMP configuration information
[    0.000000] smpboot: Allowing 2 CPUs, 0 hotplug CPUs
[    0.000000] PM: Registered nosave memory: [mem 0x00000000-0x00000fff]
[    0.000000] PM: Registered nosave memory: [mem 0x0009f000-0x0009ffff]
[    0.000000] PM: Registered nosave memory: [mem 0x000a0000-0x000effff]
[    0.000000] PM: Registered nosave memory: [mem 0x000f0000-0x000fffff]
[    0.000000] e820: [mem 0x40000000-0xfebfffff] available for PCI devices
[    0.000000] Booting paravirtualized kernel on KVM
[    0.000000] clocksource: refined-jiffies: mask: 0xffffffff max_cycles: 0xffffffff, max_idle_ns: 7645519600211568 ns
[    0.000000] setup_percpu: NR_CPUS:512 nr_cpumask_bits:512 nr_cpu_ids:2 nr_node_ids:1
[    0.000000] PERCPU: Embedded 33 pages/cpu @ffff88003fc00000 s95512 r8192 d31464 u1048576
[    0.000000] Built 1 zonelists in Node order, mobility grouping on.  Total pages: 257912
[    0.000000] Policy zone: DMA32
[    0.000000] Kernel command line: BOOT_IMAGE=/boot/vmlinuz-4.4.0-186-generic root=LABEL=cloudimg-rootfs ro console=tty1 console=ttyS0
[    0.000000] PID hash table entries: 4096 (order: 3, 32768 bytes)
[    0.000000] Memory: 997660K/1048120K available (8636K kernel code, 1337K rwdata, 4040K rodata, 1492K init, 1296K bss, 50460K reserved, 0K cma-reserved)
[    0.000000] SLUB: HWalign=64, Order=0-3, MinObjects=0, CPUs=2, Nodes=1
[    0.000000] Kernel/User page tables isolation: enabled
[    0.000000] Hierarchical RCU implementation.
[    0.000000] 	Build-time adjustment of leaf fanout to 64.
[    0.000000] 	RCU restricting CPUs from NR_CPUS=512 to nr_cpu_ids=2.
[    0.000000] RCU: Adjusting geometry for rcu_fanout_leaf=64, nr_cpu_ids=2
[    0.000000] NR_IRQS:33024 nr_irqs:440 16
[    0.000000] Console: colour VGA+ 80x25
[    0.000000] console [tty1] enabled
[    0.000000] console [ttyS0] enabled
[    0.000000] tsc: Detected 2712.000 MHz processor
[    0.239647] Calibrating delay loop (skipped) preset value.. 5424.00 BogoMIPS (lpj=10848000)
[    0.244365] pid_max: default: 32768 minimum: 301
[    0.246315] ACPI: Core revision 20150930
[    0.248848] ACPI: 2 ACPI AML tables successfully acquired and loaded
[    0.251017] Security Framework initialized
[    0.252652] Yama: becoming mindful.
[    0.253899] AppArmor: AppArmor initialized
[    0.255224] Dentry cache hash table entries: 131072 (order: 8, 1048576 bytes)
[    0.261577] Inode-cache hash table entries: 65536 (order: 7, 524288 bytes)
[    0.263604] Mount-cache hash table entries: 2048 (order: 2, 16384 bytes)
[    0.265476] Mountpoint-cache hash table entries: 2048 (order: 2, 16384 bytes)
[    0.267370] Initializing cgroup subsys io
[    0.268369] Initializing cgroup subsys memory
[    0.269504] Initializing cgroup subsys devices
[    0.270737] Initializing cgroup subsys freezer
[    0.271810] Initializing cgroup subsys net_cls
[    0.272995] Initializing cgroup subsys perf_event
[    0.276539] Initializing cgroup subsys net_prio
[    0.277801] Initializing cgroup subsys hugetlb
[    0.279036] Initializing cgroup subsys pids
[    0.281413] mce: CPU supports 0 MCE banks
[    0.282554] Last level iTLB entries: 4KB 64, 2MB 8, 4MB 8
[    0.283963] Last level dTLB entries: 4KB 64, 2MB 0, 4MB 0, 1GB 4
[    0.285693] Spectre V1 : Mitigation: usercopy/swapgs barriers and __user pointer sanitization
[    0.288144] Spectre V2 : Mitigation: Full generic retpoline
[    0.290676] Spectre V2 : Spectre v2 / SpectreRSB mitigation: Filling RSB on context switch
[    0.293592] Speculative Store Bypass: Vulnerable
[    0.295263] SRBDS: Unknown: Dependent on hypervisor status
[    0.296624] MDS: Mitigation: Clear CPU buffers
[    0.301591] Freeing SMP alternatives memory: 36K
[    0.312511] ftrace: allocating 32334 entries in 127 pages
[    0.409398] smpboot: APIC(0) Converting physical 0 to logical package 0
[    0.411298] smpboot: Max logical packages: 1
[    0.413036] x2apic enabled
[    0.414895] Switched APIC routing to physical x2apic.
[    0.417488] ..TIMER: vector=0x30 apic1=0 pin1=2 apic2=-1 pin2=-1
[    0.527175] smpboot: CPU0: Intel(R) Core(TM) i5-7200U CPU @ 2.50GHz (family: 0x6, model: 0x8e, stepping: 0x9)
[    0.530103] Performance Events: unsupported p6 CPU model 142 no PMU driver, software events only.
[    0.548266] KVM setup paravirtual spinlock
[    0.550096] x86: Booting SMP configuration:
[    0.551097] .... node  #0, CPUs:      #1
[    0.552293] kvm-clock: cpu 1, msr 0:3ffe3041, secondary cpu clock
[    0.556611] mce: CPU supports 0 MCE banks
[    0.559662] x86: Booted up 1 node, 2 CPUs
[    0.560920] smpboot: Total of 2 processors activated (10848.00 BogoMIPS)
[    0.562852] devtmpfs: initialized
[    0.565807] evm: security.selinux
[    0.566714] evm: security.SMACK64
[    0.567558] evm: security.SMACK64EXEC
[    0.568494] evm: security.SMACK64TRANSMUTE
[    0.569565] evm: security.SMACK64MMAP
[    0.570538] evm: security.ima
[    0.571341] evm: security.capability
[    0.572632] clocksource: jiffies: mask: 0xffffffff max_cycles: 0xffffffff, max_idle_ns: 7645041785100000 ns
[    0.577109] futex hash table entries: 512 (order: 3, 32768 bytes)
[    0.578573] pinctrl core: initialized pinctrl subsystem
[    0.580001] RTC time: 13:11:58, date: 08/07/20
[    0.581574] NET: Registered protocol family 16
[    0.591795] cpuidle: using governor ladder
[    0.605818] cpuidle: using governor menu
[    0.608216] PCCT header not found.
[    0.609522] ACPI: bus type PCI registered
[    0.610726] acpiphp: ACPI Hot Plug PCI Controller Driver version: 0.5
[    0.612433] PCI: Using configuration type 1 for base access
[    0.626371] ACPI: Added _OSI(Module Device)
[    0.627942] ACPI: Added _OSI(Processor Device)
[    0.629211] ACPI: Added _OSI(3.0 _SCP Extensions)
[    0.630645] ACPI: Added _OSI(Processor Aggregator Device)
[    0.633418] ACPI: Executed 1 blocks of module-level executable AML code
[    0.638394] ACPI: Interpreter enabled
[    0.639693] ACPI: (supports S0 S5)
[    0.641303] ACPI: Using IOAPIC for interrupt routing
[    0.642891] PCI: Using host bridge windows from ACPI; if necessary, use "pci=nocrs" and report a bug
[    0.650048] ACPI: PCI Root Bridge [PCI0] (domain 0000 [bus 00-ff])
[    0.651369] acpi PNP0A03:00: _OSC: OS supports [ASPM ClockPM Segments MSI]
[    0.653498] acpi PNP0A03:00: _OSC: not requesting OS control; OS requires [ExtendedConfig ASPM ClockPM MSI]
[    0.656376] acpi PNP0A03:00: fail to add MMCONFIG information, can't access extended PCI configuration space under this bridge.
[    0.661750] PCI host bridge to bus 0000:00
[    0.662832] pci_bus 0000:00: root bus resource [io  0x0000-0x0cf7 window]
[    0.664692] pci_bus 0000:00: root bus resource [io  0x0d00-0xffff window]
[    0.666336] pci_bus 0000:00: root bus resource [mem 0x000a0000-0x000bffff window]
[    0.668143] pci_bus 0000:00: root bus resource [mem 0x40000000-0xfdffffff window]
[    0.670396] pci_bus 0000:00: root bus resource [bus 00-ff]
[    0.676369] pci 0000:00:01.1: legacy IDE quirk: reg 0x10: [io  0x01f0-0x01f7]
[    0.678639] pci 0000:00:01.1: legacy IDE quirk: reg 0x14: [io  0x03f6]
[    0.680060] pci 0000:00:01.1: legacy IDE quirk: reg 0x18: [io  0x0170-0x0177]
[    0.694337] pci 0000:00:01.1: legacy IDE quirk: reg 0x1c: [io  0x0376]
[    0.715923] pci 0000:00:07.0: quirk: [io  0x4000-0x403f] claimed by PIIX4 ACPI
[    0.717729] pci 0000:00:07.0: quirk: [io  0x4100-0x410f] claimed by PIIX4 SMB
[    0.732188] ACPI: PCI Interrupt Link [LNKA] (IRQs 5 9 10 *11)
[    0.735708] ACPI: PCI Interrupt Link [LNKB] (IRQs 5 9 *10 11)
[    0.738139] ACPI: PCI Interrupt Link [LNKC] (IRQs 5 *9 10 11)
[    0.740324] ACPI: PCI Interrupt Link [LNKD] (IRQs 5 9 10 *11)
[    0.745512] ACPI: Enabled 2 GPEs in block 00 to 07
[    0.747902] vgaarb: setting as boot device: PCI:0000:00:02.0
[    0.749503] vgaarb: device added: PCI:0000:00:02.0,decodes=io+mem,owns=io+mem,locks=none
[    0.751776] vgaarb: loaded
[    0.752749] vgaarb: bridge control possible 0000:00:02.0
[    0.755190] SCSI subsystem initialized
[    0.757192] ACPI: bus type USB registered
[    0.759876] usbcore: registered new interface driver usbfs
[    0.761765] usbcore: registered new interface driver hub
[    0.763502] usbcore: registered new device driver usb
[    0.765437] PCI: Using ACPI for IRQ routing
[    0.771131] NetLabel: Initializing
[    0.775272] NetLabel:  domain hash size = 128
[    0.776970] NetLabel:  protocols = UNLABELED CIPSOv4
[    0.778210] NetLabel:  unlabeled traffic allowed by default
[    0.779823] amd_nb: Cannot enumerate AMD northbridges
[    0.781577] clocksource: Switched to clocksource kvm-clock
[    0.801466] AppArmor: AppArmor Filesystem Enabled
[    0.802794] pnp: PnP ACPI init
[    0.805047] pnp: PnP ACPI: found 3 devices
[    0.820093] clocksource: acpi_pm: mask: 0xffffff max_cycles: 0xffffff, max_idle_ns: 2085701024 ns
[    0.822918] NET: Registered protocol family 2
[    0.826515] TCP established hash table entries: 8192 (order: 4, 65536 bytes)
[    0.828336] TCP bind hash table entries: 8192 (order: 5, 131072 bytes)
[    0.829758] TCP: Hash tables configured (established 8192 bind 8192)
[    0.831426] UDP hash table entries: 512 (order: 2, 16384 bytes)
[    0.832822] UDP-Lite hash table entries: 512 (order: 2, 16384 bytes)
[    0.834774] NET: Registered protocol family 1
[    0.836206] pci 0000:00:00.0: Limiting direct PCI/PCI transfers
[    0.837874] pci 0000:00:01.0: Activating ISA DMA hang workarounds
[    0.840325] Unpacking initramfs...
[    1.224836] Freeing initrd memory: 14884K
[    1.227211] clocksource: tsc: mask: 0xffffffffffffffff max_cycles: 0x2717868ea45, max_idle_ns: 440795316085 ns
[    1.229499] platform rtc_cmos: registered platform RTC device (no PNP device found)
[    1.231683] Scanning for low memory corruption every 60 seconds
[    1.233603] audit: initializing netlink subsys (disabled)
[    1.235258] audit: type=2000 audit(1596805923.571:1): initialized
[    1.237304] Initialise system trusted keyring
[    1.238818] HugeTLB registered 2 MB page size, pre-allocated 0 pages
[    1.242831] zbud: loaded
[    1.244280] VFS: Disk quotas dquot_6.6.0
[    1.245495] VFS: Dquot-cache hash table entries: 512 (order 0, 4096 bytes)
[    1.247569] squashfs: version 4.0 (2009/01/31) Phillip Lougher
[    1.249370] fuse init (API version 7.23)
[    1.250817] Key type big_key registered
[    1.252204] Allocating IMA MOK and blacklist keyrings.
[    1.255897] Key type asymmetric registered
[    1.257141] Asymmetric key parser 'x509' registered
[    1.259307] Block layer SCSI generic (bsg) driver version 0.4 loaded (major 249)
[    1.262249] io scheduler noop registered
[    1.263695] io scheduler deadline registered (default)
[    1.265461] io scheduler cfq registered
[    1.266796] pci_hotplug: PCI Hot Plug PCI Core version: 0.5
[    1.268334] pciehp: PCI Express Hot Plug Controller Driver version: 0.4
[    1.270254] ACPI: AC Adapter [AC] (on-line)
[    1.271504] input: Power Button as /devices/LNXSYSTM:00/LNXPWRBN:00/input/input0
[    1.274982] ACPI: Power Button [PWRF]
[    1.277024] input: Sleep Button as /devices/LNXSYSTM:00/LNXSLPBN:00/input/input1
[    1.279483] ACPI: Sleep Button [SLPF]
[    1.280923] GHES: HEST is not enabled!
[    1.281944] ACPI: Battery Slot [BAT0] (battery present)
[    1.284495] Serial: 8250/16550 driver, 32 ports, IRQ sharing enabled
[    1.310064] 00:02: ttyS0 at I/O 0x3f8 (irq = 4, base_baud = 115200) is a 16550A
[    1.317891] Linux agpgart interface v0.103
[    1.322402] loop: module loaded
[    1.326415] scsi host0: ata_piix
[    1.328270] scsi host1: ata_piix
[    1.330115] ata1: PATA max UDMA/33 cmd 0x1f0 ctl 0x3f6 bmdma 0xd000 irq 14
[    1.332125] ata2: PATA max UDMA/33 cmd 0x170 ctl 0x376 bmdma 0xd008 irq 15
[    1.334732] libphy: Fixed MDIO Bus: probed
[    1.336047] tun: Universal TUN/TAP device driver, 1.6
[    1.337474] tun: (C) 1999-2004 Max Krasnyansky <maxk@qualcomm.com>
[    1.340382] PPP generic driver version 2.4.2
[    1.342634] ehci_hcd: USB 2.0 'Enhanced' Host Controller (EHCI) Driver
[    1.345286] ehci-pci: EHCI PCI platform driver
[    1.346997] ehci-platform: EHCI generic platform driver
[    1.348463] ohci_hcd: USB 1.1 'Open' Host Controller (OHCI) Driver
[    1.350426] ohci-pci: OHCI PCI platform driver
[    1.352055] ohci-platform: OHCI generic platform driver
[    1.354227] uhci_hcd: USB Universal Host Controller Interface driver
[    1.357397] i8042: PNP: PS/2 Controller [PNP0303:PS2K,PNP0f03:PS2M] at 0x60,0x64 irq 1,12
[    1.361161] serio: i8042 KBD port at 0x60,0x64 irq 1
[    1.362827] serio: i8042 AUX port at 0x60,0x64 irq 12
[    1.365174] mousedev: PS/2 mouse device common for all mice
[    1.367641] input: AT Translated Set 2 keyboard as /devices/platform/i8042/serio0/input/input2
[    1.370531] rtc_cmos rtc_cmos: rtc core: registered rtc_cmos as rtc0
[    1.372139] rtc_cmos rtc_cmos: alarms up to one day, 114 bytes nvram
[    1.374837] i2c /dev entries driver
[    1.376388] device-mapper: uevent: version 1.0.3
[    1.378191] device-mapper: ioctl: 4.34.0-ioctl (2015-10-28) initialised: dm-devel@redhat.com
[    1.380994] ledtrig-cpu: registered to indicate activity on CPUs
[    1.383162] NET: Registered protocol family 10
[    1.385114] NET: Registered protocol family 17
[    1.386545] Key type dns_resolver registered
[    1.387953] registered taskstats version 1
[    1.389199] Loading compiled-in X.509 certificates
[    1.392771] Loaded X.509 cert 'Build time autogenerated kernel key: cef5e81496c0efa51b848ab539e845ddf31c08be'
[    1.395567] zswap: loaded using pool lzo/zbud
[    1.398994] Key type trusted registered
[    1.404236] Key type encrypted registered
[    1.405487] AppArmor: AppArmor sha1 policy hashing enabled
[    1.407270] ima: No TPM chip found, activating TPM-bypass!
[    1.408593] ima: Allocated hash algorithm: sha1
[    1.409702] evm: HMAC attrs: 0x1
[    1.411137]   Magic number: 0:532:179
[    1.412327] rtc_cmos rtc_cmos: setting system clock to 2020-08-07 13:11:59 UTC (1596805919)
[    1.415005] BIOS EDD facility v0.16 2004-Jun-25, 0 devices found
[    1.416551] EDD information not available.
[    1.517863] Freeing unused kernel memory: 1492K
[    1.519424] Write protecting the kernel read-only data: 14336k
[    1.521307] Freeing unused kernel memory: 1592K
[    1.523091] Freeing unused kernel memory: 56K
Loading, please wait...
starting version 229
[    1.542897] random: systemd-udevd: uninitialized urandom read (16 bytes read, 3 bits of entropy available)
[    1.544382] random: udevadm: uninitialized urandom read (16 bytes read, 3 bits of entropy available)
[    1.544420] random: udevadm: uninitialized urandom read (16 bytes read, 3 bits of entropy available)
[    1.554731] random: systemd-udevd: uninitialized urandom read (16 bytes read, 3 bits of entropy available)
[    1.558913] random: udevadm: uninitialized urandom read (16 bytes read, 3 bits of entropy available)
[    1.558928] random: systemd-udevd: uninitialized urandom read (16 bytes read, 3 bits of entropy available)
[    1.558949] random: systemd-udevd: uninitialized urandom read (16 bytes read, 3 bits of entropy available)
[    1.560217] random: systemd-udevd: uninitialized urandom read (16 bytes read, 3 bits of entropy available)
[    1.560243] random: systemd-udevd: uninitialized urandom read (16 bytes read, 3 bits of entropy available)
[    1.560256] random: systemd-udevd: uninitialized urandom read (16 bytes read, 3 bits of entropy available)
[    1.648845] Fusion MPT base driver 3.04.20
[    1.650541] Copyright (c) 1999-2008 LSI Corporation
[    1.682380] e1000: Intel(R) PRO/1000 Network Driver - version 7.3.21-k8-NAPI
[    1.684814] e1000: Copyright (c) 1999-2006 Intel Corporation.
[    1.703890] Fusion MPT SPI Host driver 3.04.20
[    1.707873] AVX2 version of gcm_enc/dec engaged.
[    1.709460] AES CTR mode by8 optimization enabled
[    1.902296] input: ImExPS/2 Generic Explorer Mouse as /devices/platform/i8042/serio1/input/input4
[    2.234539] e1000 0000:00:03.0 eth0: (PCI:33MHz:32-bit) 02:81:88:50:25:98
[    2.236645] e1000 0000:00:03.0 eth0: Intel(R) PRO/1000 Network Connection
[    2.239469] mptbase: ioc0: Initiating bringup
[    2.659273] ioc0: LSI53C1030 A0: Capabilities={Initiator}
[    4.716882] scsi host2: ioc0: LSI53C1030 A0, FwRev=00000000h, Ports=1, MaxQ=256, IRQ=20
[    6.509939] scsi 2:0:0:0: Direct-Access     VBOX     HARDDISK         1.0  PQ: 0 ANSI: 5
[    6.512753] scsi target2:0:0: Beginning Domain Validation
[    6.516993] scsi target2:0:0: Domain Validation skipping write tests
[    6.518621] scsi target2:0:0: Ending Domain Validation
[    6.519964] scsi target2:0:0: asynchronous
[    6.521913] scsi 2:0:1:0: Direct-Access     VBOX     HARDDISK         1.0  PQ: 0 ANSI: 5
[    6.524784] scsi target2:0:1: Beginning Domain Validation
[    6.528001] scsi target2:0:1: Domain Validation skipping write tests
[    6.529940] scsi target2:0:1: Ending Domain Validation
[    6.531827] scsi target2:0:1: asynchronous
[    6.566626] sd 2:0:0:0: Attached scsi generic sg0 type 0
[    6.568135] sd 2:0:0:0: [sda] 20971520 512-byte logical blocks: (10.7 GB/10.0 GiB)
[    6.570837] sd 2:0:1:0: Attached scsi generic sg1 type 0
[    6.572563] sd 2:0:1:0: [sdb] 20480 512-byte logical blocks: (10.5 MB/10.0 MiB)
[    6.575640] sd 2:0:0:0: [sda] Write Protect is off
[    6.577375] sd 2:0:0:0: [sda] Incomplete mode parameter data
[    6.579288] sd 2:0:0:0: [sda] Assuming drive cache: write through
[    6.580837] sd 2:0:1:0: [sdb] Write Protect is off
[    6.582969] sd 2:0:1:0: [sdb] Incomplete mode parameter data
[    6.584793] sd 2:0:1:0: [sdb] Assuming drive cache: write through
[    6.587312]  sda: sda1
[    6.590976] sd 2:0:0:0: [sda] Attached SCSI disk
[    6.594462] sd 2:0:1:0: [sdb] Attached SCSI disk
[    7.251560] e1000 0000:00:08.0 eth1: (PCI:33MHz:32-bit) 08:00:27:10:a0:7b
[    7.253355] e1000 0000:00:08.0 eth1: Intel(R) PRO/1000 Network Connection
[    7.256045] e1000 0000:00:08.0 enp0s8: renamed from eth1
[    7.279515] e1000 0000:00:03.0 enp0s3: renamed from eth0
Begin: Loading essential drivers ... [    8.666647] md: linear personality registered for level -1
[    8.671926] md: multipath personality registered for level -4
[    8.679284] md: raid0 personality registered for level 0
[    8.686360] md: raid1 personality registered for level 1
[    8.762106] raid6: sse2x1   gen()  7456 MB/s
[    8.829972] raid6: sse2x1   xor()  5979 MB/s
[    8.898343] raid6: sse2x2   gen()  8938 MB/s
[    8.965727] raid6: sse2x2   xor()  5789 MB/s
[    9.033654] raid6: sse2x4   gen()  7350 MB/s
[    9.101771] raid6: sse2x4   xor()  6330 MB/s
[    9.170098] raid6: avx2x1   gen() 14323 MB/s
[    9.237910] raid6: avx2x2   gen() 16333 MB/s
[    9.306023] raid6: avx2x4   gen() 16910 MB/s
[    9.308343] raid6: using algorithm avx2x4 gen() 16910 MB/s
[    9.310982] raid6: using avx2x2 recovery algorithm
[    9.314593] xor: automatically using best checksumming function:
[    9.354253]    avx       : 18244.000 MB/sec
[    9.357460] async_tx: api initialized (async)
[    9.378636] md: raid6 personality registered for level 6
[    9.380334] md: raid5 personality registered for level 5
[    9.382141] md: raid4 personality registered for level 4
[    9.394675] md: raid10 personality registered for level 10
done.
Begin: Running /scripts/init-premount ... done.
Begin: Mounting root file system ... Begin: Running /scripts/local-top ... done.
Begin: Running /scripts/local-premount ... [    9.452067] Btrfs loaded
Scanning for Btrfs filesystems
done.
Warning: fsck not present, so skipping root file system
[    9.490910] EXT4-fs (sda1): mounted filesystem with ordered data mode. Opts: (null)
done.
Begin: Running /scripts/local-bottom ... done.
Begin: Running /scripts/init-bottom ... done.
[    9.608472] systemd[1]: systemd 229 running in system mode. (+PAM +AUDIT +SELINUX +IMA +APPARMOR +SMACK +SYSVINIT +UTMP +LIBCRYPTSETUP +GCRYPT +GNUTLS +ACL +XZ -LZ4 +SECCOMP +BLKID +ELFUTILS +KMOD -IDN)
[    9.613784] systemd[1]: Detected virtualization oracle.
[    9.615583] systemd[1]: Detected architecture x86-64.

Welcome to [1mUbuntu 16.04.6 LTS[0m!

[    9.619549] systemd[1]: Set hostname to <ubuntu>.
[    9.622607] systemd[1]: Initializing machine ID from random generator.
[    9.625670] systemd[1]: Installed transient /etc/machine-id file.
[    9.790571] systemd[1]: Listening on LVM2 metadata daemon socket.
[[0;32m  OK  [0m] Listening on LVM2 metadata daemon socket.
[    9.794745] systemd[1]: Set up automount Arbitrary Executable File Formats File System Automount Point.
[[0;32m  OK  [0m] Set up automount Arbitrary Executab...ats File System Automount Point.
[    9.798861] systemd[1]: Listening on LVM2 poll daemon socket.
[[0;32m  OK  [0m] Listening on LVM2 poll daemon socket.
[    9.801381] systemd[1]: Reached target System Time Synchronized.
[[0;32m  OK  [0m] Reached target System Time Synchronized.
[    9.804431] systemd[1]: Started Trigger resolvconf update for networkd DNS.
[[0;32m  OK  [0m] Started Trigger resolvconf update for networkd DNS.
[    9.809709] systemd[1]: Listening on Device-mapper event daemon FIFOs.
[[0;32m  OK  [0m] Listening on Device-mapper event daemon FIFOs.
[    9.812675] systemd[1]: Reached target Swap.
[[0;32m  OK  [0m] Reached target Swap.
[    9.815193] systemd[1]: Listening on Syslog Socket.
[[0;32m  OK  [0m] Listening on Syslog Socket.
[    9.817991] systemd[1]: Created slice System Slice.
[[0;32m  OK  [0m] Created slice System Slice.
[    9.820311] systemd[1]: Listening on udev Control Socket.
[[0;32m  OK  [0m] Listening on udev Control Socket.
[    9.823001] systemd[1]: Started Forward Password Requests to Wall Directory Watch.
[[0;32m  OK  [0m] Started Forward Password Requests to Wall Directory Watch.
[    9.828639] systemd[1]: Listening on Journal Socket.
[[0;32m  OK  [0m] Listening on Journal Socket.
[    9.842116] systemd[1]: Starting Create list of required static device nodes for the current kernel...
         Starting Create list of required st... nodes for the current kernel...
[    9.855133] systemd[1]: Mounting Huge Pages File System...
         Mounting Huge Pages File System...
[    9.859528] systemd[1]: Starting Nameserver information manager...
         Starting Nameserver information manager...
[    9.866323] systemd[1]: Starting Load Kernel Modules...
         Starting Load Kernel Modules...
[    9.870319] systemd[1]: Starting Uncomplicated firewall...
         Starting Uncomplicated firewall...
[    9.875445] systemd[1]: Mounting Debug File System...
         Mounting Debug File System...
[    9.878901] systemd[1]: Reached target User and Group Name Lookups.
[[0;32m  OK  [0m] Reached target User and Group Name Lookups.
[    9.884553] systemd[1]: Starting Remount Root and Kernel File Systems...
         Starting Remount Root and Kernel File Systems...
[    9.888883] systemd[1]: Reached target Encrypted Volumes.
[    9.891975] Loading iSCSI transport class v2.0-870.
[[0;32m  OK  [0m] Reached target Encrypted Volumes.
[    9.894771] systemd[1]: Listening on Journal Audit Socket.
[[0;32m  OK  [0m] Listening on Journal Audit Socket.
[    9.897912] systemd[1]: Listening on udev Kernel Socket.
[[0;32m  OK  [0m] Listening on udev Kernel Socket.
[    9.901291] systemd[1]: Created slice system-serial\x2dgetty.slice.
[    9.902673] EXT4-fs (sda1): re-mounted. Opts: (null)
[[0;32m  OK  [0m] Created slice system-serial\x2dgetty.slice.
[    9.909140] systemd[1]: Listening on /dev/initctl Compatibility Named Pipe.
[[0;32m  OK  [0m] Listening on /dev/initctl Compatibility Named Pipe.
[    9.915242] systemd[1]: Created slice User and Session Slice.
[    9.917360] iscsi: registered transport (tcp)
[[0;32m  OK  [0m] Created slice User and Session Slice.
[    9.919643] systemd[1]: Reached target Slices.
[[0;32m  OK  [0m] Reached target Slices.
[    9.922047] systemd[1]: Listening on Journal Socket (/dev/log).
[[0;32m  OK  [0m] Listening on Journal Socket (/dev/log).
[    9.950212] systemd[1]: Starting Journal Service...
         Starting Journal Service...
[    9.956091] systemd[1]: Starting Set console keymap...
         Starting Set console keymap...
[    9.969042] systemd[1]: Mounting POSIX Message Queue File System...
[    9.975464] iscsi: registered transport (iser)
         Mounting POSIX Message Queue File System...
[    9.983231] systemd[1]: Starting Monitoring of LVM2 mirrors, snapshots etc. using dmeventd or progress polling...
         Starting Monitoring of LVM2 mirrors... dmeventd or progress polling...
[    9.998635] systemd[1]: Mounted Huge Pages File System.
[[0;32m  OK  [0m] Mounted Huge Pages File System.
[   10.002120] systemd[1]: Mounted POSIX Message Queue File System.
[[0;32m  OK  [0m] Mounted POSIX Message Queue File System.
[   10.005893] systemd[1]: Mounted Debug File System.
[[0;32m  OK  [0m] Mounted Debug File System.
[   10.012574] systemd[1]: Started Journal Service.
[[0;32m  OK  [0m] Started Journal Service.
[[0;32m  OK  [0m] Started Create list of required sta...ce nodes for the current kernel.
[[0;32m  OK  [0m] Started Load Kernel Modules.
[[0;32m  OK  [0m] Started Uncomplicated firewall.
[[0;32m  OK  [0m] Started Remount Root and Kernel File Systems.
[[0;32m  OK  [0m] Started Set console keymap.
[[0;32m  OK  [0m] Started Nameserver information manager.
[[0;32m  OK  [0m] Started LVM2 metadata daemon.
         Starting udev Coldplug all Devices...
         Starting Load/Save Random Seed...
         Mounting FUSE Control File System...
         Starting Apply Kernel Variables...
         Starting Create Static Device Nodes in /dev...
         Starting Flush Journal to Persistent Storage...
[[0;32m  OK  [0m] Mounted FUSE Control File System.
[[0;32m  OK  [0m] Started Load/Save Random Seed.
[[0;32m  OK  [0m] Started Apply Kernel Variables.
[[0;32m  OK  [0m] Started Flush Journal to Persistent Storage.
[[0;32m  OK  [0m] Started Create Static Device Nodes in /dev.
         Starting udev Kernel Device Manager...
[[0;32m  OK  [0m] Started Monitoring of LVM2 mirrors,...ng dmeventd or progress polling.
[[0;32m  OK  [0m] Reached target Local File Systems (Pre).
[[0;32m  OK  [0m] Reached target Local File Systems.
         Starting Commit a transient machine-id on disk...
         Starting LSB: AppArmor initialization...
         Starting Set console font and keymap...
         Starting Initial cloud-init job (pre-networking)...
         Starting Create Volatile Files and Directories...
         Starting Tell Plymouth To Write Out Runtime Data...
[[0;32m  OK  [0m] Started Commit a transient machine-id on disk.
[[0;32m  OK  [0m] Started Tell Plymouth To Write Out Runtime Data.
[[0;32m  OK  [0m] Started udev Kernel Device Manager.
[[0;32m  OK  [0m] Started udev Coldplug all Devices.
[[0;32m  OK  [0m] Started Dispatch Password Requests to Console Directory Watch.
[[0;32m  OK  [0m] Started Create Volatile Files and Directories.
         Starting Update UTMP about System Boot/Shutdown...
[[0;32m  OK  [0m] Started Update UTMP about System Boot/Shutdown.
[[0;32m  OK  [0m] Found device /dev/ttyS0.
[[0;32m  OK  [0m] Listening on Load/Save RF Kill Switch Status /dev/rfkill Watch.
[   13.043536] cloud-init[473]: Cloud-init v. 20.2-45-g5f7825e2-0ubuntu1~16.04.1 running 'init-local' at Fri, 07 Aug 2020 13:12:10 +0000. Up 12.02 seconds.
[[0;32m  OK  [0m] Started Initial cloud-init job (pre-networking).
[[0;32m  OK  [0m] Reached target Network (Pre).
[[0;32m  OK  [0m] Started LSB: AppArmor initialization.
         Starting Raise network interfaces...
         Starting Load AppArmor profiles managed internally by snapd...
[[0;32m  OK  [0m] Started Load AppArmor profiles managed internally by snapd.
[[0;32m  OK  [0m] Started Set console font and keymap.
[[0;32m  OK  [0m] Created slice system-getty.slice.
[[0;32m  OK  [0m] Started Raise network interfaces.
[[0;32m  OK  [0m] Reached target Network.
         Starting Initial cloud-init job (metadata service crawler)...
[   15.507229] cloud-init[968]: Cloud-init v. 20.2-45-g5f7825e2-0ubuntu1~16.04.1 running 'init' at Fri, 07 Aug 2020 13:12:13 +0000. Up 14.76 seconds.
[   15.510649] cloud-init[968]: ci-info: ++++++++++++++++++++++++++++++++++++++Net device info+++++++++++++++++++++++++++++++++++++++
[   15.512720] cloud-init[968]: ci-info: +--------+-------+----------------------------+---------------+--------+-------------------+
[   15.515235] cloud-init[968]: ci-info: | Device |   Up  |          Address           |      Mask     | Scope  |     Hw-Address    |
[   15.523126] cloud-init[968]: ci-info: +--------+-------+----------------------------+---------------+--------+-------------------+
[   15.529612] cloud-init[968]: ci-info: | enp0s3 |  True |         10.0.2.15          | 255.255.255.0 | global | 02:81:88:50:25:98 |
[   15.533320] cloud-init[968]: ci-info: | enp0s3 |  True | fe80::81:88ff:fe50:2598/64 |       .       |  link  | 02:81:88:50:25:98 |
[   15.541441] cloud-init[968]: ci-info: | enp0s8 | False |             .              |       .       |   .    | 08:00:27:10:a0:7b |
[   15.544140] cloud-init[968]: ci-info: |   lo   |  True |         127.0.0.1          |   255.0.0.0   |  host  |         .         |
[   15.549366] cloud-init[968]: ci-info: |   lo   |  True |          ::1/128           |       .       |  host  |         .         |
[   15.551608] cloud-init[968]: ci-info: +--------+-------+----------------------------+---------------+--------+-------------------+
[   15.558170] cloud-init[968]: ci-info: +++++++++++++++++++++++++++Route IPv4 info++++++++++++++++++++++++++++
[   15.565614] cloud-init[968]: ci-info: +-------+-------------+----------+---------------+-----------+-------+
[   15.574374] cloud-init[968]: ci-info: | Route | Destination | Gateway  |    Genmask    | Interface | Flags |
[   15.578744] cloud-init[968]: ci-info: +-------+-------------+----------+---------------+-----------+-------+
[   15.582256] cloud-init[968]: ci-info: |   0   |   0.0.0.0   | 10.0.2.2 |    0.0.0.0    |   enp0s3  |   UG  |
[   15.584579] cloud-init[968]: ci-info: |   1   |   10.0.2.0  | 0.0.0.0  | 255.255.255.0 |   enp0s3  |   U   |
[   15.596926] cloud-init[968]: ci-info: +-------+-------------+----------+---------------+-----------+-------+
[   15.604843] cloud-init[968]: ci-info: +++++++++++++++++++Route IPv6 info+++++++++++++++++++
[   15.608343] cloud-init[968]: ci-info: +-------+-------------+---------+-----------+-------+
[   15.612283] cloud-init[968]: ci-info: | Route | Destination | Gateway | Interface | Flags |
[   15.614497] cloud-init[968]: ci-info: +-------+-------------+---------+-----------+-------+
[   15.624855] cloud-init[968]: ci-info: |   0   |  fe80::/64  |    ::   |   enp0s3  |   U   |
[   15.629075] cloud-init[968]: ci-info: |   3   |   ff00::/8  |    ::   |   enp0s3  |   U   |
[   15.632357] cloud-init[968]: ci-info: +-------+-------------+---------+-----------+-------+
[   15.635186] cloud-init[968]: Generating public/private rsa key pair.[[0;32m  OK  [0m] Started Initial cloud-init job (metadata service crawler).
[[0;32m  OK  [0m] Reached target Cloud-config availability.

[   15.640123] cloud-init[968]: Your identification has been saved in /etc/ssh/ssh_host_rsa_key.
[   15.642346] cloud-init[968]: Your public key has been saved in /etc/ssh/ssh_host_rsa_key.pub.
[   15.650849] cloud-init[968]: The key fingerprint is:[[0;32m  OK  [0m] Reached target Network is Online.

[   15.653980] cloud-init[968]: SHA256:R7CKjWtcBGL3xZHE9gWEVQJXwi5W6+a7JuQsgKgW4Ds root@ubuntu-xenial
[   15.660829] cloud-init[968]: The key's randomart image is:
[   15.663217]          Starting iSCSI initiator daemon (iscsid)...
[[0;32m  OK  [0m] Reached target System Initialization.
[[0;32m  OK  [0m] Started Message of the Day.
[[0;32m  OK  [0m] Listening on D-Bus System Message Bus Socket.
         Starting Socket activation for snappy daemon.
cloud-init[968]: +---[RSA 2048]----+
[   15.671744] cloud-init[968]: |  o o  +*OB+o    |
[   15.680211] [cloud-init[0;32m  OK  [0m[968]: ] | . o o .*+oo.    |Started ACPI Events Check.

[   15.683607] [cloud-init[968]: |      o..+.o     |
[   15.686051] cloud-init[968]: |.    = .o.+      |
[0;32m  OK  [0m] Reached target Paths.
[   15.688663] [cloud-init[0;32m  OK  [0m[968]: ] |o. .o +.So.      |Listening on ACPID Listen Socket.

         Starting LXD - unix socket.
[   15.692629] [[0;32m  OK  [0m] Started Daily Cleanup of Temporary Directories.
[[0;32m  OK  [0m] Started Daily apt download activities.
[[0;32m  OK  [0m] Started Daily apt upgrade and clean activities.
cloud-init[968]: |.o...o  ..o      |
[[0;32m  OK  [0m] Reached target Timers.
[[0;32m  OK  [0m] Listening on UUID daemon activation socket.
[[0;32m  OK  [0m] Listening on Socket activation for snappy daemon.
[[0;32m  OK  [0m] Listening on LXD - unix socket.
[[0;32m  OK  [0m] Reached target Sockets.
[[0;32m  OK  [0m] Reached target Basic System.
[   15.704208] cloud-init[968]: |. o +. + o       |
[   15.708710] cloud-init[968]: |.E .  . + o      |
[   15.710605] cloud-init[968]: |. .    . ooo     |
[   15.712119] cloud-init[968]: +----[SHA256]-----+
[   15.713890] cloud-init[968]: Generating public/private dsa key pair.
[   15.715797] cloud-init[968]: Your identification has been saved in /etc/ssh/ssh_host_dsa_key.
[   15.724557]          Starting /etc/rc.local Compatibility...
cloud-init[968]: Your public key has been saved in /etc/ssh/ssh_host_dsa_key.pub.
[   15.737205]          cloud-initStarting Pollinate to seed the pseudo random number generator...[968]: 
The key fingerprint is:
[   15.741452]          Starting Login Service...
cloud-init[968]: SHA256:uZw7cWQxARuKm1CafyVdysBh9l4uulrDzGxKt8BEcp0 root@ubuntu-xenial
[   15.750780] [[0;32m  OK  [0m] Started ACPI event daemon.
cloud-init[968]: The key's randomart image is:
[   15.761818] cloud-init[968]: +---[DSA 1024]----+
[   15.764606]          Starting Virtualbox guest utils...
cloud-init[968]:          Starting LXD - container startup/shutdown...
         Starting Accounts Service...
         Starting LSB: Record successful boot for GRUB...
[[0;32m  OK  [0m] Started D-Bus System Message Bus.
|    ..=.o.o.     |
[   15.783931] cloud-init[968]: |   + =.B =o      |
[   15.794843] cloud-init[968]: |  = + E B .o     |
[   15.798880] cloud-init[968]: |   * o + +o      |
[   15.801827] cloud-init[968]: |    = . So.      |
[   15.814809] cloud-init[968]: |   o * o.+.      |
[   15.818036] cloud-init[968]: |    + @ +o       |
[   15.821534] cloud-init[968]: |   . * +..       |
[   15.829484] cloud-init[968]: |    o.o ..       |
[   15.831698] cloud-init[968]: +----[SHA256]-----+
[   15.837227] cloud-init[968]: Generating public/private ecdsa key pair.
[   15.842202] cloud-init[968]: Your identification has been saved in /etc/ssh/ssh_host_ecdsa_key.
[   15.844011] cloud-init[968]: Your public key has been saved in /etc/ssh/ssh_host_ecdsa_key.pub.
[   15.846892] cloud-init[968]: The key fingerprint is:
[   15.848891] cloud-init[968]: SHA256:txy/vtnXKoDFVB9/FTN9RTcyVQSD+Pm0iPk3wTlxZeg root@ubuntu-xenial
         Starting System Logging Service...
         Starting LSB: MD monitoring daemon...
[   15.861911] cloud-init[968]: The key's randomart image is:
[[0;32m  OK  [0m] Started Regular background program processing daemon.
[[0;32m  OK  [0m] Started FUSE filesystem for LXC.
[[0;32m  OK  [0m] Started Deferred execution scheduler.
         Starting Snap Daemon...
[[0;32m  OK  [0m] Started /etc/rc.local Compatibility.
[   15.880863] cloud-init[968]: +---[ECDSA 256]---+
[   15.910837] cloud-init[968]: |           o.+=@%|
[   15.913545] cloud-init[968]: |          o ..++@|
[[0;32m  OK  [0m] Started iSCSI initiator daemon (iscsid).
[[0;32m  OK  [0m] Started Login Service.
[   15.940410] cloud-init[968]: |         o . o..=|
[   15.949047] [[0;32m  OK  [0m] Started Unattended Upgrades Shutdown.
cloud-init[968]: |          o o E o|
[   15.953936]          Starting Login to default iSCSI targets...
cloud-init[968]: |        Sooo = = |
[   15.970811]          Starting Authenticate and Authorize Users to Run Privileged Tasks...
cloud-init[968]: |        .o++. B  |
[[0;32m  OK  [0m] Started System Logging Service.
[   15.985912] cloud-init[968]: |          oo.  o.|
[   15.993028] cloud-init[968]: |            o+o o|
[   15.995412] cloud-init[968]: |           .=+o+ |[[0;32m  OK  [0m] Started LSB: Record successful boot for GRUB.

[   16.015116] cloud-init[968]: +----[SHA256]-----+
[   16.017886] cloud-init[968]: Generating public/private ed25519 key pair.
[   16.042145] cloud-init[968]: [[0;32m  OK  [0m] Started LSB: MD monitoring daemon.
Your identification has been saved in /etc/ssh/ssh_host_ed25519_key.
[[0;32m  OK  [0m] Started LXD - container startup/shutdown.
[   16.052824] cloud-init[968]: Your public key has been saved in /etc/ssh/ssh_host_ed25519_key.pub.
[   16.068529] cloud-init[968]: The key fingerprint is:
[   16.071112] cloud-init[968]: SHA256:8dJRHpyxTMXP/0+38rbzbUnSnXD4ThiGa7Zdr7vZ+lY root@ubuntu-xenial
[   16.079829] [[0;32m  OK  [0m] Started Authenticate and Authorize Users to Run Privileged Tasks.
cloud-init[968]: The key's randomart image is:
[   16.089015] [[0;32m  OK  [0m] Started Login to default iSCSI targets.
[[0;32m  OK  [0m] Reached target Remote File Systems (Pre).
cloud-init[968]: +--[ED25519 256]--+[[0;32m  OK  [0m] Reached target Remote File Systems.

[   16.109048] cloud-init[968]: |           .==.  |
[   16.116783]          Starting LSB: automatic crash report generation...
cloud-init[968]: |           =oo.  |
         Starting Permit User Sessions...
         Starting LSB: daemon to balance interrupts for SMP systems...
[   16.132627] cloud-init[968]: |        . . = .o |
[   16.134492]          Starting LSB: Set the CPU Frequency Scaling governor to "ondemand"...
cloud-init[[0;32m  OK  [0m] Started Accounts Service.
[968]: |         + o = .o|[[0;32m  OK  [0m] Started Permit User Sessions.
         Starting Terminate Plymouth Boot Screen...
         Starting Hold until boot process finishes up...
[[0;32m  OK  [0m] Started Hold until boot process finishes up.
[[0;32m  OK  [0m] Started Serial Getty on ttyS0.
         Starting Set console scheme...
[[0;32m  OK  [0m] Started Getty on tty1.
[[0;32m  OK  [0m] Reached target Login Prompts.

[[0;32m  OK  [0m] Started Terminate Plymouth Boot Screen.
[   16.181969] [[0;32m  OK  [0m] Started Set console scheme.
cloud-init[[0;32m  OK  [0m] Started LSB: Set the CPU Frequency Scaling governor to "ondemand".
[968]: |        S o o B +|
[   16.204520] cloud-init[968]: |         . + o BE|
[   16.217654] cloud-init[968]: |          o o * B|
[   16.226165] cloud-init[968]: |           . o OO|
[   16.264270] cloud-init[968]: |              X%@|
[   16.266352] cloud-init[968]: +----[SHA256]-----+[[0;32m  OK  [0m] Started LSB: daemon to balance interrupts for SMP systems.

[[0;32m  OK  [0m] Started LSB: automatic crash report generation.
[[0;32m  OK  [0m] Started Virtualbox guest utils.
[[0;32m  OK  [0m] Started Pollinate to seed the pseudo random number generator.
         Starting OpenBSD Secure Shell server...
[[0;32m  OK  [0m] Started Snap Daemon.
         Starting Wait until snapd is fully seeded...
[[0;32m  OK  [0m] Started OpenBSD Secure Shell server.
[[0;32m  OK  [0m] Started Wait until snapd is fully seeded.
[[0;32m  OK  [0m] Reached target Multi-User System.
[[0;32m  OK  [0m] Reached target Graphical Interface.
         Starting Update UTMP about System Runlevel Changes...
         Starting Apply the settings specified in cloud-config...
[[0;32m  OK  [0m] Started Update UTMP about System Runlevel Changes.
[   18.320277] cloud-init[1333]: Generating locales (this might take a while)...
[   19.505329] cloud-init[1333]:   en_US.UTF-8... done
[   19.509687] cloud-init[1333]: Generation complete.
[   20.051939] cloud-init[1333]: Cloud-init v. 20.2-45-g5f7825e2-0ubuntu1~16.04.1 running 'modules:config' at Fri, 07 Aug 2020 13:12:16 +0000. Up 18.17 seconds.
[[0;32m  OK  [0m] Started Apply the settings specified in cloud-config.
         Starting Execute cloud user/final scripts...
[[0;32m  OK  [0m] Created slice User Slice of vagrant.
         Starting User Manager for UID 1000...
[[0;32m  OK  [0m] Started Session 1 of user vagrant.
[[0;32m  OK  [0m] Started User Manager for UID 1000.
ci-info: no authorized SSH keys fingerprints found for user ubuntu.
<14>Aug  7 13:12:19 ec2: 
<14>Aug  7 13:12:19 ec2: #############################################################
<14>Aug  7 13:12:19 ec2: -----BEGIN SSH HOST KEY FINGERPRINTS-----
<14>Aug  7 13:12:19 ec2: 1024 SHA256:uZw7cWQxARuKm1CafyVdysBh9l4uulrDzGxKt8BEcp0 root@ubuntu-xenial (DSA)
<14>Aug  7 13:12:19 ec2: 256 SHA256:txy/vtnXKoDFVB9/FTN9RTcyVQSD+Pm0iPk3wTlxZeg root@ubuntu-xenial (ECDSA)
<14>Aug  7 13:12:19 ec2: 256 SHA256:8dJRHpyxTMXP/0+38rbzbUnSnXD4ThiGa7Zdr7vZ+lY root@ubuntu-xenial (ED25519)
<14>Aug  7 13:12:19 ec2: 2048 SHA256:R7CKjWtcBGL3xZHE9gWEVQJXwi5W6+a7JuQsgKgW4Ds root@ubuntu-xenial (RSA)
<14>Aug  7 13:12:19 ec2: -----END SSH HOST KEY FINGERPRINTS-----
<14>Aug  7 13:12:19 ec2: #############################################################
-----BEGIN SSH HOST KEY KEYS-----
ecdsa-sha2-nistp256 AAAAE2VjZHNhLXNoYTItbmlzdHAyNTYAAAAIbmlzdHAyNTYAAABBBLVc4AMKlDHLbmZHVmU/ZROM6nk4NuHWz+rqTSiZtekpyKudl2RHl72eGZf3A38BKUYYjvPJGdkRoDZSqGBr7o4= root@ubuntu-xenial
ssh-ed25519 AAAAC3NzaC1lZDI1NTE5AAAAIMeUjAnQ8WeFX7pvlCLnqaDaSGTG17xtTwTq1SPXvVzA root@ubuntu-xenial
ssh-rsa AAAAB3NzaC1yc2EAAAADAQABAAABAQDlMwTGAvpSE/ytZyi6qLfmN3kkT2oFnDQiBitjOhMNY9K0+h+9WExUGhC6lsg4wyNCGvb0l/ghNVYhvhQvru3dMG3VLIXAeTigKwpseYlEGNPn2yqrAbu+1wf01K5VWFS9QOX9jMRzYhRBOPUKCMnxX6dOuIlugog1qizvrKDBDH0hqMtvONEkN+RrOqFHdfPQWRQzYGD84JtypmDlYsHYltVUgI/iTFqXUxzh5rqOq1TQ9G9zIwblq8e96Em+g5g7GNc+duh67NR9XcJVl6ZDLmALlAxlqGDCrEXDlxaSFYh8Jgnwt+Z/HAVxYDuqT6A4/LLgvZF/5Nq3Cxm/yAJX root@ubuntu-xenial
-----END SSH HOST KEY KEYS-----
[   21.061389] cloud-init[1377]: Cloud-init v. 20.2-45-g5f7825e2-0ubuntu1~16.04.1 running 'modules:final' at Fri, 07 Aug 2020 13:12:19 +0000. Up 20.74 seconds.
[   21.065030] cloud-init[1377]: ci-info: no authorized SSH keys fingerprints found for user ubuntu.
[   21.073033] cloud-init[1377]: Cloud-init v. 20.2-45-g5f7825e2-0ubuntu1~16.04.1 finished at Fri, 07 Aug 2020 13:12:19 +0000. Datasource DataSourceNoCloud [seed=/dev/sdb][dsmode=net].  Up 21.04 seconds
[[0;32m  OK  [0m] Started Execute cloud user/final scripts.
[[0;32m  OK  [0m] Reached target Cloud-init target.

Ubuntu 16.04.6 LTS ubuntu-xenial ttyS0

ubuntu-xenial login: 